 NREP  EXP  TRT  NYR FILEX        DESCRIPTION
    1    1    1   35 ETMZmelk.SNX
   36    2    1   35 ETMZbako.SNX
